
> lms-tutorial@0.1.0 build
> next build

- info Loaded env from C:\Users\TEJA N\Desktop\drive-download-20250315T165858Z-001\LMS Platform - Source Code\next13-lms-platform-master\.env
- info Creating an optimized production build...
- info Compiled successfully
- info Linting and checking validity of types...
node.exe : 
At C:\Program 
Files\nodejs\npm.ps1:29 
char:3
+   & $NODE_EXE $NPM_CLI_JS 
$args
+   
~~~~~~~~~~~~~~~~~~~~~~~~~~~~~
    + CategoryInfo           
   : NotSpecified: (:String  
  ) [], RemoteException
    + FullyQualifiedErrorId  
   : NativeCommandError
 
Failed to compile.

./app/page.tsx
319:19  Warning: Using 
`<img>` could result in 
slower LCP and higher 
bandwidth. Consider using 
`<Image />` from 
`next/image` to 
automatically optimize 
images. This may incur 
additional usage or cost 
from your provider. See: http
s://nextjs.org/docs/messages/
no-img-element  
@next/next/no-img-element
401:17  Warning: Using 
`<img>` could result in 
slower LCP and higher 
bandwidth. Consider using 
`<Image />` from 
`next/image` to 
automatically optimize 
images. This may incur 
additional usage or cost 
from your provider. See: http
s://nextjs.org/docs/messages/
no-img-element  
@next/next/no-img-element
501:17  Warning: Using 
`<img>` could result in 
slower LCP and higher 
bandwidth. Consider using 
`<Image />` from 
`next/image` to 
automatically optimize 
images. This may incur 
additional usage or cost 
from your provider. See: http
s://nextjs.org/docs/messages/
no-img-element  
@next/next/no-img-element
523:28  Error: `'` can be 
escaped with `&apos;`, 
`&lsquo;`, `&#39;`, 
`&rsquo;`.  
react/no-unescaped-entities
566:26  Error: `'` can be 
escaped with `&apos;`, 
`&lsquo;`, `&#39;`, 
`&rsquo;`.  
react/no-unescaped-entities
566:37  Error: `'` can be 
escaped with `&apos;`, 
`&lsquo;`, `&#39;`, 
`&rsquo;`.  
react/no-unescaped-entities
631:22  Error: `'` can be 
escaped with `&apos;`, 
`&lsquo;`, `&#39;`, 
`&rsquo;`.  
react/no-unescaped-entities
631:34  Error: `"` can be 
escaped with `&quot;`, 
`&ldquo;`, `&#34;`, 
`&rdquo;`.  
react/no-unescaped-entities
631:38  Error: `"` can be 
escaped with `&quot;`, 
`&ldquo;`, `&#34;`, 
`&rdquo;`.  
react/no-unescaped-entities
642:42  Error: `"` can be 
escaped with `&quot;`, 
`&ldquo;`, `&#34;`, 
`&rdquo;`.  
react/no-unescaped-entities
642:60  Error: `"` can be 
escaped with `&quot;`, 
`&ldquo;`, `&#34;`, 
`&rdquo;`.  
react/no-unescaped-entities
668:33  Error: `'` can be 
escaped with `&apos;`, 
`&lsquo;`, `&#39;`, 
`&rsquo;`.  
react/no-unescaped-entities

info  - Need to disable some 
ESLint rules? Learn more 
here: https://nextjs.org/docs
/basic-features/eslint#disabl
ing-rules
